<testsuites id="" name="" tests="3" failures="0" skipped="0" errors="0" time="10.470002000000001">
<testsuite name="user-journey\checkout.spec.ts" timestamp="2024-01-10T10:32:40.338Z" hostname="chromium" tests="1" failures="0" skipped="0" time="4.308" errors="0">
<testcase name="Checkout › Add products, remove and checkout @userjourney" classname="user-journey\checkout.spec.ts" time="4.308">
</testcase>
</testsuite>
<testsuite name="user-journey\checkout.spec.ts" timestamp="2024-01-10T10:32:40.338Z" hostname="firefox" tests="1" failures="0" skipped="0" time="4.995" errors="0">
<testcase name="Checkout › Add products, remove and checkout @userjourney" classname="user-journey\checkout.spec.ts" time="4.995">
</testcase>
</testsuite>
<testsuite name="user-journey\checkout.spec.ts" timestamp="2024-01-10T10:32:40.338Z" hostname="webkit" tests="1" failures="0" skipped="0" time="9.242" errors="0">
<testcase name="Checkout › Add products, remove and checkout @userjourney" classname="user-journey\checkout.spec.ts" time="9.242">
</testcase>
</testsuite>
</testsuites>